VTU Box Output: 77 points, 40 cells
--- domain.vtu
points                 77
cells                  40
cell types             QUAD=40
connectivity in range  OK
offsets consistent     OK
orphan points          OK
vertex ordering        OK
u == cell centroid     OK
levels present         [3, 4]
f == cell level        OK
p (pid) values         [0]
cells inside box       OK
verdict                PASS
