compute_chunk_size: 10, nchunks 1
--- domain_xmf.xmf
points                 96
cells                  40
topology type          Quadrilateral
points per cell        OK
connectivity in range  OK
orphan points          OK
vertex ordering        OK
u == cell centroid     OK
levels present         [3, 4]
f == cell level        OK
p (pid) values         [0, 1, 2, 3]
cells inside box       OK
verdict                PASS
