--- Interface.vtu
points                 440
cells                  220
cell types             POLY_LINE=220
connectivity in range  OK
offsets consistent     OK
orphan points          OK
facet width (max)      0.015625
vertices on cardioid   OK (within one cell)
kappa finite           OK
verdict                PASS
