--- domain.vtu
points                 137
cells                  88
cell types             QUAD=88
connectivity in range  OK
offsets consistent     OK
orphan points          OK
vertex ordering        OK
u == cell centroid     OK
levels present         [3, 4]
f == cell level        OK
p (pid) values         [0]
verdict                PASS
